------------------------------------------------------------
Timing Analyzer Summary
------------------------------------------------------------

Type  : Slow 1100mV 85C Model Setup 'vga_controller:VgaController|h_count_reg[3]'
Slack : -14.759
TNS   : -506.511

Type  : Slow 1100mV 85C Model Setup 'vga_controller:VgaController|clock50_25:c|state[0]'
Slack : -9.183
TNS   : -192.321

Type  : Slow 1100mV 85C Model Setup 'clk_fpga'
Slack : -2.606
TNS   : -37.216

Type  : Slow 1100mV 85C Model Setup 'clk'
Slack : -2.302
TNS   : -157.100

Type  : Slow 1100mV 85C Model Hold 'vga_controller:VgaController|h_count_reg[3]'
Slack : -5.527
TNS   : -118.182

Type  : Slow 1100mV 85C Model Hold 'clk_fpga'
Slack : -1.934
TNS   : -9.834

Type  : Slow 1100mV 85C Model Hold 'clk'
Slack : 0.380
TNS   : 0.000

Type  : Slow 1100mV 85C Model Hold 'vga_controller:VgaController|clock50_25:c|state[0]'
Slack : 0.680
TNS   : 0.000

Type  : Slow 1100mV 85C Model Minimum Pulse Width 'vga_controller:VgaController|h_count_reg[3]'
Slack : -3.928
TNS   : -1351.767

Type  : Slow 1100mV 85C Model Minimum Pulse Width 'clk'
Slack : -0.696
TNS   : -244.462

Type  : Slow 1100mV 85C Model Minimum Pulse Width 'vga_controller:VgaController|clock50_25:c|state[0]'
Slack : -0.394
TNS   : -15.369

Type  : Slow 1100mV 85C Model Minimum Pulse Width 'clk_fpga'
Slack : -0.394
TNS   : -14.659

Type  : Slow 1100mV 0C Model Setup 'vga_controller:VgaController|h_count_reg[3]'
Slack : -14.479
TNS   : -496.505

Type  : Slow 1100mV 0C Model Setup 'vga_controller:VgaController|clock50_25:c|state[0]'
Slack : -9.410
TNS   : -190.989

Type  : Slow 1100mV 0C Model Setup 'clk'
Slack : -2.389
TNS   : -159.865

Type  : Slow 1100mV 0C Model Setup 'clk_fpga'
Slack : -2.259
TNS   : -32.105

Type  : Slow 1100mV 0C Model Hold 'vga_controller:VgaController|h_count_reg[3]'
Slack : -5.555
TNS   : -118.997

Type  : Slow 1100mV 0C Model Hold 'clk_fpga'
Slack : -2.117
TNS   : -10.904

Type  : Slow 1100mV 0C Model Hold 'clk'
Slack : 0.370
TNS   : 0.000

Type  : Slow 1100mV 0C Model Hold 'vga_controller:VgaController|clock50_25:c|state[0]'
Slack : 0.681
TNS   : 0.000

Type  : Slow 1100mV 0C Model Minimum Pulse Width 'vga_controller:VgaController|h_count_reg[3]'
Slack : -3.955
TNS   : -1370.564

Type  : Slow 1100mV 0C Model Minimum Pulse Width 'clk'
Slack : -0.690
TNS   : -248.283

Type  : Slow 1100mV 0C Model Minimum Pulse Width 'vga_controller:VgaController|clock50_25:c|state[0]'
Slack : -0.394
TNS   : -15.215

Type  : Slow 1100mV 0C Model Minimum Pulse Width 'clk_fpga'
Slack : -0.394
TNS   : -13.295

Type  : Fast 1100mV 85C Model Setup 'vga_controller:VgaController|h_count_reg[3]'
Slack : -9.063
TNS   : -306.410

Type  : Fast 1100mV 85C Model Setup 'vga_controller:VgaController|clock50_25:c|state[0]'
Slack : -5.094
TNS   : -111.480

Type  : Fast 1100mV 85C Model Setup 'clk_fpga'
Slack : -2.025
TNS   : -28.380

Type  : Fast 1100mV 85C Model Setup 'clk'
Slack : -0.888
TNS   : -37.749

Type  : Fast 1100mV 85C Model Hold 'vga_controller:VgaController|h_count_reg[3]'
Slack : -3.203
TNS   : -66.985

Type  : Fast 1100mV 85C Model Hold 'clk_fpga'
Slack : -0.896
TNS   : -4.261

Type  : Fast 1100mV 85C Model Hold 'clk'
Slack : 0.202
TNS   : 0.000

Type  : Fast 1100mV 85C Model Hold 'vga_controller:VgaController|clock50_25:c|state[0]'
Slack : 0.341
TNS   : 0.000

Type  : Fast 1100mV 85C Model Minimum Pulse Width 'vga_controller:VgaController|h_count_reg[3]'
Slack : -2.118
TNS   : -617.475

Type  : Fast 1100mV 85C Model Minimum Pulse Width 'clk'
Slack : -0.839
TNS   : -285.463

Type  : Fast 1100mV 85C Model Minimum Pulse Width 'clk_fpga'
Slack : -0.391
TNS   : -10.219

Type  : Fast 1100mV 85C Model Minimum Pulse Width 'vga_controller:VgaController|clock50_25:c|state[0]'
Slack : 0.023
TNS   : 0.000

Type  : Fast 1100mV 0C Model Setup 'vga_controller:VgaController|h_count_reg[3]'
Slack : -8.131
TNS   : -274.921

Type  : Fast 1100mV 0C Model Setup 'vga_controller:VgaController|clock50_25:c|state[0]'
Slack : -4.721
TNS   : -102.507

Type  : Fast 1100mV 0C Model Setup 'clk_fpga'
Slack : -1.604
TNS   : -22.059

Type  : Fast 1100mV 0C Model Setup 'clk'
Slack : -0.780
TNS   : -30.560

Type  : Fast 1100mV 0C Model Hold 'vga_controller:VgaController|h_count_reg[3]'
Slack : -2.924
TNS   : -60.652

Type  : Fast 1100mV 0C Model Hold 'clk_fpga'
Slack : -0.938
TNS   : -4.636

Type  : Fast 1100mV 0C Model Hold 'clk'
Slack : 0.188
TNS   : 0.000

Type  : Fast 1100mV 0C Model Hold 'vga_controller:VgaController|clock50_25:c|state[0]'
Slack : 0.308
TNS   : 0.000

Type  : Fast 1100mV 0C Model Minimum Pulse Width 'vga_controller:VgaController|h_count_reg[3]'
Slack : -1.878
TNS   : -540.309

Type  : Fast 1100mV 0C Model Minimum Pulse Width 'clk'
Slack : -0.857
TNS   : -295.495

Type  : Fast 1100mV 0C Model Minimum Pulse Width 'clk_fpga'
Slack : -0.429
TNS   : -12.352

Type  : Fast 1100mV 0C Model Minimum Pulse Width 'vga_controller:VgaController|clock50_25:c|state[0]'
Slack : 0.047
TNS   : 0.000

------------------------------------------------------------
